// Jest Snapshot v1, https://goo.gl/fbAQLP

exports[`Home page matches snapshot 1`] = `
<DocumentFragment>
  <div
    class="MuiContainer-root MuiContainer-maxWidthLg"
  >
    <header
      class="header"
    >
      <div
        class="logo"
      >
        <span>
          Logo
        </span>
      </div>
      <ul
        class="navMenu"
      >
        <li
          class="nav-menu-item"
        >
          <a
            href="/"
          >
            home
          </a>
        </li>
        <li
          class="nav-menu-item"
        >
          <a
            href="/pages"
          >
            pages
          </a>
        </li>
        <li
          class="nav-menu-item"
        >
          <a
            href="/about"
          >
            about
          </a>
        </li>
        <li
          class="nav-menu-item"
        >
          <a
            href="/ssr"
          >
            ssr
          </a>
        </li>
        <li
          class="nav-menu-item"
        >
          <a
            href="/"
          >
            login
          </a>
        </li>
      </ul>
    </header>
    <main>
      <h1>
        Main Page
      </h1>
      <p>
        Lorem, ipsum dolor sit amet consectetur adipisicing elit. Maxime dolorem
unde, corporis eligendi inventore blanditiis autem natus minima quasi
sunt, esse eaque! Soluta, cum tempora. Maiores numquam magnam eos culpa.
      </p>
      <p>
        ver 1
      </p>
    </main>
    <footer />
  </div>
</DocumentFragment>
`;
